[assembly: System.CLSCompliantAttribute(true)]
[assembly: System.Runtime.CompilerServices.InternalsVisibleToAttribute(@"NserviceBus.Persistence.ServiceFabric.Tests, PublicKey=00240000048000009400000006020000002400005253413100040000010001007f16e21368ff041183fab592d9e8ed37e7be355e93323147a1d29983d6e591b04282e4da0c9e18bd901e112c0033925eb7d7872c2f1706655891c5c9d57297994f707d16ee9a8f40d978f064ee1ffc73c0db3f4712691b23bf596f75130f4ec978cf78757ec034625a5f27e6bb50c618931ea49f6f628fd74271c32959efb1c5")]
[assembly: System.Runtime.InteropServices.ComVisibleAttribute(false)]
[assembly: System.Runtime.Versioning.TargetFrameworkAttribute(".NETFramework,Version=v4.5.2", FrameworkDisplayName=".NET Framework 4.5.2")]
namespace NServiceBus.Persistence.ServiceFabric
{
    public interface IServiceFabricStorageSession
    {
        Microsoft.ServiceFabric.Data.IReliableStateManager StateManager { get; }
        Microsoft.ServiceFabric.Data.ITransaction Transaction { get; }
    }
    public class SagaSettings
    {
        public void JsonSettings(Newtonsoft.Json.JsonSerializerSettings jsonSerializerSettings) { }
        public void ReaderCreator(System.Func<System.IO.TextReader, Newtonsoft.Json.JsonReader> readerCreator) { }
        public void WriterCreator(System.Func<System.Text.StringBuilder, Newtonsoft.Json.JsonWriter> writerCreator) { }
    }
    public class ServiceFabricPersistence : NServiceBus.Persistence.PersistenceDefinition { }
    public class static ServiceFabricPersistenceStorageSessionExtensions
    {
        public static NServiceBus.Persistence.ServiceFabric.IServiceFabricStorageSession ServiceFabricSession(this NServiceBus.Persistence.SynchronizedStorageSession session) { }
    }
}
namespace NServiceBus
{
    public class static ServiceFabricOutboxSettingsExtensions
    {
        public static void SetFrequencyToRunDeduplicationDataCleanup(this NServiceBus.Outbox.OutboxSettings configuration, System.TimeSpan frequencyToRunDeduplicationDataCleanup) { }
        public static void SetTimeToKeepDeduplicationData(this NServiceBus.Outbox.OutboxSettings configuration, System.TimeSpan timeToKeepDeduplicationData) { }
    }
    public class static ServiceFabricPersistenceConfig
    {
        public static NServiceBus.Persistence.ServiceFabric.SagaSettings SagaSettings(this NServiceBus.PersistenceExtensions<NServiceBus.Persistence.ServiceFabric.ServiceFabricPersistence> configuration) { }
        public static void StateManager(this NServiceBus.PersistenceExtensions<NServiceBus.Persistence.ServiceFabric.ServiceFabricPersistence> configuration, Microsoft.ServiceFabric.Data.IReliableStateManager stateManager) { }
    }
}